[2026-04-23 17:50:01.938] [INFO ] All params: sort_by=popularity.desc&release_date.gte=2022-01-01&release_date.lte=2026-12-31&vote_average.gte=0&vote_average.lte=5&page=1&with_genres=&api_key=add494e96808c55b3ee7f940c9d5e5b6
